Microchip MPLAB XC8 Compiler V1.38 ()

Linker command line:

-W3 --edf=D:\ProgramFiles\Microchip\xc8\v1.38\dat\en_msgs.txt -cs \
  -h+dist/default/production\PIC16F1619_Cur.X.production.sym \
  --cmf=dist/default/production\PIC16F1619_Cur.X.production.cmf -z \
  -Q16F1619 -oC:\Users\Jimmy\AppData\Local\Temp\s5do.2 \
  -Mdist/default/production/PIC16F1619_Cur.X.production.map -E1 -ver=XC8 \
  -ASTACK=0205Fh-023efh -pstack=STACK -ACODE=00h-07FFhx4 \
  -ASTRCODE=00h-01FFFh -ASTRING=00h-0FFhx32 -ACONST=00h-0FFhx32 \
  -AENTRY=00h-0FFhx32 -ACOMMON=070h-07Fh -ABANK0=020h-06Fh \
  -ABANK1=0A0h-0EFh -ABANK2=0120h-016Fh -ABANK3=01A0h-01EFh \
  -ABANK4=0220h-026Fh -ABANK5=02A0h-02EFh -ABANK6=0320h-036Fh \
  -ABANK7=03A0h-03EFh -ABANK8=0420h-046Fh -ABANK9=04A0h-04EFh \
  -ABANK10=0520h-056Fh -ABANK11=05A0h-05EFh -ABANK12=0620h-064Fh \
  -ABIGRAM=02000h-023EFh \
  -ARAM=020h-06Fh,0A0h-0EFh,0120h-016Fh,01A0h-01EFh,0220h-026Fh,02A0h-02EFh,0320h-036Fh,03A0h-03EFh,0420h-046Fh,04A0h-04EFh,0520h-056Fh,05A0h-05EFh,0620h-064Fh \
  -AABS1=020h-07Fh,0A0h-0EFh,0120h-016Fh,01A0h-01EFh,0220h-026Fh,02A0h-02EFh,0320h-036Fh,03A0h-03EFh,0420h-046Fh,04A0h-04EFh,0520h-056Fh,05A0h-05EFh,0620h-064Fh \
  -ASFR0=00h-01Fh -ASFR1=080h-09Fh -ASFR2=0100h-011Fh -ASFR3=0180h-019Fh \
  -ASFR4=0200h-021Fh -ASFR5=0280h-029Fh -ASFR6=0300h-031Fh \
  -ASFR7=0380h-039Fh -ASFR8=0400h-041Fh -ASFR9=0480h-049Fh \
  -ASFR10=0500h-051Fh -ASFR11=0580h-059Fh -ASFR12=0600h-061Fh \
  -ASFR13=0680h-06EFh -ASFR14=0700h-076Fh -ASFR15=0780h-07EFh \
  -ASFR16=0800h-086Fh -ASFR17=0880h-08EFh -ASFR18=0900h-096Fh \
  -ASFR19=0980h-09EFh -ASFR20=0A00h-0A6Fh -ASFR21=0A80h-0AEFh \
  -ASFR22=0B00h-0B6Fh -ASFR23=0B80h-0BEFh -ASFR24=0C00h-0C6Fh \
  -ASFR25=0C80h-0CEFh -ASFR26=0D00h-0D6Fh -ASFR27=0D80h-0DEFh \
  -ASFR28=0E00h-0E6Fh -ASFR29=0E80h-0EEFh -ASFR30=0F00h-0F6Fh \
  -ASFR31=0F80h-0FEFh -preset_vec=00h,intentry=04h,init,end_init \
  -ppowerup=CODE -pcinit=CODE -pfunctab=CODE -ACONFIG=08007h-08009h \
  -pconfig=CONFIG -DCONFIG=2 -AIDLOC=08000h-08003h -pidloc=IDLOC -DIDLOC=2 \
  -DCODE=2 -DSTRCODE=2 -DSTRING=2 -DCONST=2 -DENTRY=2 -k \
  C:\Users\Jimmy\AppData\Local\Temp\s5do.obj \
  dist/default/production\PIC16F1619_Cur.X.production.obj 

Object code version is 3.11

Machine type is 16F1619



                Name                               Link     Load   Length Selector   Space Scale
C:\Users\Jimmy\AppData\Local\Temp\s5do.obj
                end_init                             13       13        2        8       0
                reset_vec                             0        0        2        0       0
                config                             8007     8007        3    1000E       0
dist/default/production\PIC16F1619_Cur.X.production.obj
                cinit                                15       15        B        8       0
                intentry                              4        4        F        8       0
                text21                              41B      41B        1      64E       0
                text20                              3C0      3C0       11      64E       0
                text19                              379      379       1B      64E       0
                text18                              176      176       D4        8       0
                text17                              24A      24A       80        8       0
                text16                              410      410        4      64E       0
                text15                              3FE      3FE        7      64E       0
                text13                              35E      35E       1B      64E       0
                text12                              3AA      3AA       16      64E       0
                text11                              3D1      3D1        D      64E       0
                text10                              3EA      3EA        B      64E       0
                text9                               417      417        3      64E       0
                text8                               414      414        3      64E       0
                text7                               41A      41A        1      64E       0
                text6                               394      394       16      64E       0
                text5                               327      327       1C      64E       0
                text4                                20       20      156        8       0
                text3                               40B      40B        5      64E       0
                text2                               343      343       1B      64E       0
                text1                               3F5      3F5        9      64E       0
                maintext                            3DE      3DE        C      64E       0
                cstackBANK0                          51       51       10       20       1
                cstackCOMMON                         70       70        D       70       1
                cstackBANK1                          A0       A0        F       A0       1
                clrtext                             405      405        6      64E       0
                bssBANK0                             20       20       31       20       1
                stringtext                          2CA      2CA       5D      594       0

TOTAL           Name                               Link     Load   Length     Space
        CLASS   STACK          

        CLASS   CODE           
                end_init                             13       13        2         0
                cinit                                15       15        B         0
                intentry                              4        4        F         0
                reset_vec                             0        0        2         0
                text21                              41B      41B        1         0
                text20                              3C0      3C0       11         0
                text19                              379      379       1B         0
                text18                              176      176       D4         0
                text17                              24A      24A       80         0
                text16                              410      410        4         0
                text15                              3FE      3FE        7         0
                text13                              35E      35E       1B         0
                text12                              3AA      3AA       16         0
                text11                              3D1      3D1        D         0
                text10                              3EA      3EA        B         0
                text9                               417      417        3         0
                text8                               414      414        3         0
                text7                               41A      41A        1         0
                text6                               394      394       16         0
                text5                               327      327       1C         0
                text4                                20       20      156         0
                text3                               40B      40B        5         0
                text2                               343      343       1B         0
                text1                               3F5      3F5        9         0
                maintext                            3DE      3DE        C         0
                clrtext                             405      405        6         0

        CLASS   STRCODE        
                stringtext                          2CA      2CA       5D         0

        CLASS   STRING         

        CLASS   CONST          

        CLASS   ENTRY          

        CLASS   COMMON         
                cstackCOMMON                         70       70        D         1

        CLASS   BANK0          
                cstackBANK0                          51       51       10         1
                bssBANK0                             20       20       31         1

        CLASS   BANK1          
                cstackBANK1                          A0       A0        F         1

        CLASS   BANK2          

        CLASS   BANK3          

        CLASS   BANK4          

        CLASS   BANK5          

        CLASS   BANK6          

        CLASS   BANK7          

        CLASS   BANK8          

        CLASS   BANK9          

        CLASS   BANK10         

        CLASS   BANK11         

        CLASS   BANK12         

        CLASS   BIGRAM         

        CLASS   RAM            

        CLASS   ABS1           
                abs_s1                               7E       7E        2         1

        CLASS   SFR0           

        CLASS   SFR1           

        CLASS   SFR2           

        CLASS   SFR3           

        CLASS   SFR4           

        CLASS   SFR5           

        CLASS   SFR6           

        CLASS   SFR7           

        CLASS   SFR8           

        CLASS   SFR9           

        CLASS   SFR10          

        CLASS   SFR11          

        CLASS   SFR12          

        CLASS   SFR13          

        CLASS   SFR14          

        CLASS   SFR15          

        CLASS   SFR16          

        CLASS   SFR17          

        CLASS   SFR18          

        CLASS   SFR19          

        CLASS   SFR20          

        CLASS   SFR21          

        CLASS   SFR22          

        CLASS   SFR23          

        CLASS   SFR24          

        CLASS   SFR25          

        CLASS   SFR26          

        CLASS   SFR27          

        CLASS   SFR28          

        CLASS   SFR29          

        CLASS   SFR30          

        CLASS   SFR31          

        CLASS   CONFIG         
                config                             8007     8007        3         0

        CLASS   IDLOC          

        CLASS   BANK31         

        CLASS   BANK30         

        CLASS   BANK29         

        CLASS   BANK28         

        CLASS   BANK27         

        CLASS   BANK26         

        CLASS   BANK25         

        CLASS   BANK24         

        CLASS   BANK23         

        CLASS   BANK22         

        CLASS   BANK21         

        CLASS   BANK20         

        CLASS   BANK19         

        CLASS   BANK18         

        CLASS   BANK17         

        CLASS   BANK16         

        CLASS   BANK15         

        CLASS   BANK14         

        CLASS   BANK13         

        CLASS   EEDATA         



SEGMENTS        Name                           Load    Length   Top    Selector   Space  Class     Delta

                reset_vec                      000000  000002  000002         0       0  CODE        2
                intentry                       000004  0002C6  0002CA         8       0  CODE        2
                bssBANK0                       000020  000041  000061        20       1  BANK0       1
                cstackCOMMON                   000070  00000D  00007D        70       1  COMMON      1
                cstackBANK1                    0000A0  00000F  0000AF        A0       1  BANK1       1
                stringtext                     0002CA  00005D  000327       594       0  STRCODE     2
                text5                          000327  0000F5  00041C       64E       0  CODE        2
                config                         008007  000003  00800A     1000E       0  CONFIG      2


UNUSED ADDRESS RANGES

        Name                Unused          Largest block    Delta
        BANK0            00061-0006F               F           1
        BANK1            000AF-000EF              41           1
        BANK10           00520-0056F              50           1
        BANK11           005A0-005EF              50           1
        BANK12           00620-0064F              30           1
        BANK2            00120-0016F              50           1
        BANK3            001A0-001EF              50           1
        BANK4            00220-0026F              50           1
        BANK5            002A0-002EF              50           1
        BANK6            00320-0036F              50           1
        BANK7            003A0-003EF              50           1
        BANK8            00420-0046F              50           1
        BANK9            004A0-004EF              50           1
        BIGRAM           02000-023EF             3F0           1
        CODE             00002-00003               2           2
                         0041C-01FFF             800
        COMMON           0007D-0007D               1           1
        CONST            00002-00003               2           2
                         0041C-01FFF             100
        ENTRY            00002-00003               2           2
                         0041C-01FFF             100
        IDLOC            08000-08003               4           2
        RAM              00061-0006F               F           1
                         000AF-000EF              41
                         00120-0016F              50
                         001A0-001EF              50
                         00220-0026F              50
                         002A0-002EF              50
                         00320-0036F              50
                         003A0-003EF              50
                         00420-0046F              50
                         004A0-004EF              50
                         00520-0056F              50
                         005A0-005EF              50
                         00620-0064F              30
        SFR0             00000-0001F              20           1
        SFR1             00080-0009F              20           1
        SFR10            00500-0051F              20           1
        SFR11            00580-0059F              20           1
        SFR12            00600-0061F              20           1
        SFR13            00680-006EF              70           1
        SFR14            00700-0076F              70           1
        SFR15            00780-007EF              70           1
        SFR16            00800-0086F              70           1
        SFR17            00880-008EF              70           1
        SFR18            00900-0096F              70           1
        SFR19            00980-009EF              70           1
        SFR2             00100-0011F              20           1
        SFR20            00A00-00A6F              70           1
        SFR21            00A80-00AEF              70           1
        SFR22            00B00-00B6F              70           1
        SFR23            00B80-00BEF              70           1
        SFR24            00C00-00C6F              70           1
        SFR25            00C80-00CEF              70           1
        SFR26            00D00-00D6F              70           1
        SFR27            00D80-00DEF              70           1
        SFR28            00E00-00E6F              70           1
        SFR29            00E80-00EEF              70           1
        SFR3             00180-0019F              20           1
        SFR30            00F00-00F6F              70           1
        SFR31            00F80-00FEF              70           1
        SFR4             00200-0021F              20           1
        SFR5             00280-0029F              20           1
        SFR6             00300-0031F              20           1
        SFR7             00380-0039F              20           1
        SFR8             00400-0041F              20           1
        SFR9             00480-0049F              20           1
        STACK            0205F-023EF             391           1
        STRCODE          00002-00003               2           2
                         0041C-01FFF            1BE4
        STRING           00002-00003               2           2
                         0041C-01FFF             100

                                  Symbol Table

?___wmul                             cstackBANK1  000A0
?i1___wmul                           cstackCOMMON 00070
Blinky_ctor@me                       stringtext   002F2
QActive_ctor@initial                 cstackBANK1  000A2
QActive_ctor@me                      cstackBANK1  000A6
QActive_ctor@vtbl                    stringtext   002FC
QActive_postXISR_@acb                cstackBANK0  00057
QActive_postXISR_@margin             cstackCOMMON 00077
QActive_postXISR_@me                 cstackCOMMON 00076
QActive_postXISR_@par                cstackCOMMON 0007A
QActive_postXISR_@qlen               cstackBANK0  00056
QActive_postXISR_@sig                cstackCOMMON 00078
QF_run@a                             cstackBANK1  000AE
QF_run@acb                           cstackBANK1  000AB
QF_run@p                             cstackBANK1  000AD
QF_tickXISR@a                        cstackBANK0  0005E
QF_tickXISR@p                        cstackBANK0  0005D
QF_tickXISR@t                        cstackBANK0  0005F
QF_tickXISR@tickRate                 cstackBANK0  0005C
QHsm_ctor@initial                    cstackBANK1  000A0
QHsm_ctor@me                         cstackBANK0  00060
QHsm_ctor@vtbl                       stringtext   00317
QMActive_ctor@vtbl                   stringtext   00304
QMsm_ctor@vtbl                       stringtext   0031B
Q_onAssert@file                      cstackBANK1  000A0
Q_onAssert@line                      cstackBANK1  000A2
_ANSELA                              (abs)        0018C
_ANSELB                              (abs)        0018D
_ANSELC                              (abs)        0018E
_AO_Blinky                           bssBANK0     00040
_Blinky_ctor                         text11       003D1
_Blinky_initial                      (abs)        00000
_Blinky_off                          (abs)        00000
_Blinky_on                           (abs)        00000
_INTCONbits                          (abs)        0000B
_INTERRUPT_InterruptManager          intentry     00004
_LATA                                (abs)        0010C
_LATB                                (abs)        0010D
_LATC                                (abs)        0010E
_OPTION_REG                          (abs)        00095
_OPTION_REGbits                      (abs)        00095
_OSCCON                              (abs)        00099
_OSCILLATOR_Initialize               text3        0040B
_OSCTUNE                             (abs)        00098
_PIN_MANAGER_Initialize              text2        00343
_QActive_ctor                        text12       003AA
_QActive_postXISR_                   text18       00176
_QActive_postX_                      (abs)        00000
_QF_active                           stringtext   0030C
_QF_invPow2Lkup                      stringtext   002DA
_QF_log2Lkup                         stringtext   002CA
_QF_onStartup                        text9        00417
_QF_readySet_                        bssBANK0     00020
_QF_run                              text4        00020
_QF_tickXISR                         text17       0024A
_QHsm_ctor                           text13       0035E
_QHsm_dispatch_                      (abs)        00000
_QHsm_init_                          (abs)        00000
_QHsm_top                            (abs)        00000
_QMsm_dispatch_                      (abs)        00000
_QMsm_init_                          (abs)        00000
_QV_onIdle                           text8        00414
_Q_onAssert                          text7        0041A
_Q_this_module_                      stringtext   00312
_SYSTEM_Initialize                   text1        003F5
_TMR0                                (abs)        00015
_TMR0_CallBack                       text16       00410
_TMR0_ISR                            text15       003FE
_TMR0_Initialize                     text10       003EA
_TRISA                               (abs)        0008C
_TRISB                               (abs)        0008D
_TRISC                               (abs)        0008E
_WPUA                                (abs)        0020C
_WPUB                                (abs)        0020D
_WPUC                                (abs)        0020E
__CFG_BOREN$ON                       (abs)        00000
__CFG_BORV$LO                        (abs)        00000
__CFG_CLKOUTEN$OFF                   (abs)        00000
__CFG_CP$OFF                         (abs)        00000
__CFG_FCMEN$ON                       (abs)        00000
__CFG_FOSC$INTOSC                    (abs)        00000
__CFG_IESO$ON                        (abs)        00000
__CFG_LPBOR$OFF                      (abs)        00000
__CFG_LVP$ON                         (abs)        00000
__CFG_MCLRE$ON                       (abs)        00000
__CFG_PLLEN$ON                       (abs)        00000
__CFG_PPS1WAY$ON                     (abs)        00000
__CFG_PWRTE$OFF                      (abs)        00000
__CFG_STVREN$ON                      (abs)        00000
__CFG_WDTCCS$SWC                     (abs)        00000
__CFG_WDTCPS$WDTCPS1F                (abs)        00000
__CFG_WDTCWS$WDTCWSSW                (abs)        00000
__CFG_WDTE$OFF                       (abs)        00000
__CFG_WRT$OFF                        (abs)        00000
__CFG_ZCD$OFF                        (abs)        00000
__Habs1                              abs1         00000
__Hbank0                             bank0        00000
__Hbank1                             bank1        00000
__Hbank10                            bank10       00000
__Hbank11                            bank11       00000
__Hbank12                            bank12       00000
__Hbank13                            bank13       00000
__Hbank14                            bank14       00000
__Hbank15                            bank15       00000
__Hbank16                            bank16       00000
__Hbank17                            bank17       00000
__Hbank18                            bank18       00000
__Hbank19                            bank19       00000
__Hbank2                             bank2        00000
__Hbank20                            bank20       00000
__Hbank21                            bank21       00000
__Hbank22                            bank22       00000
__Hbank23                            bank23       00000
__Hbank24                            bank24       00000
__Hbank25                            bank25       00000
__Hbank26                            bank26       00000
__Hbank27                            bank27       00000
__Hbank28                            bank28       00000
__Hbank29                            bank29       00000
__Hbank3                             bank3        00000
__Hbank30                            bank30       00000
__Hbank31                            bank31       00000
__Hbank4                             bank4        00000
__Hbank5                             bank5        00000
__Hbank6                             bank6        00000
__Hbank7                             bank7        00000
__Hbank8                             bank8        00000
__Hbank9                             bank9        00000
__Hbigram                            bigram       00000
__HbssBANK0                          bssBANK0     00000
__Hcinit                             cinit        00020
__Hclrtext                           clrtext      00000
__Hcode                              code         00000
__Hcommon                            common       00000
__Hconfig                            config       0800A
__HcstackBANK0                       cstackBANK0  00000
__HcstackBANK1                       cstackBANK1  00000
__HcstackCOMMON                      cstackCOMMON 00000
__Heeprom_data                       eeprom_data  00000
__Hend_init                          end_init     00015
__Hfunctab                           functab      00000
__Hidloc                             idloc        00000
__Hinit                              init         00013
__Hintentry                          intentry     00013
__Hmaintext                          maintext     00000
__Hpowerup                           powerup      00000
__Hram                               ram          00000
__Hreset_vec                         reset_vec    00002
__Hsfr0                              sfr0         00000
__Hsfr1                              sfr1         00000
__Hsfr10                             sfr10        00000
__Hsfr11                             sfr11        00000
__Hsfr12                             sfr12        00000
__Hsfr13                             sfr13        00000
__Hsfr14                             sfr14        00000
__Hsfr15                             sfr15        00000
__Hsfr16                             sfr16        00000
__Hsfr17                             sfr17        00000
__Hsfr18                             sfr18        00000
__Hsfr19                             sfr19        00000
__Hsfr2                              sfr2         00000
__Hsfr20                             sfr20        00000
__Hsfr21                             sfr21        00000
__Hsfr22                             sfr22        00000
__Hsfr23                             sfr23        00000
__Hsfr24                             sfr24        00000
__Hsfr25                             sfr25        00000
__Hsfr26                             sfr26        00000
__Hsfr27                             sfr27        00000
__Hsfr28                             sfr28        00000
__Hsfr29                             sfr29        00000
__Hsfr3                              sfr3         00000
__Hsfr30                             sfr30        00000
__Hsfr31                             sfr31        00000
__Hsfr4                              sfr4         00000
__Hsfr5                              sfr5         00000
__Hsfr6                              sfr6         00000
__Hsfr7                              sfr7         00000
__Hsfr8                              sfr8         00000
__Hsfr9                              sfr9         00000
__Hspace_0                           (abs)        0800A
__Hspace_1                           (abs)        000AF
__Hspace_2                           (abs)        00000
__Hspace_3                           (abs)        00000
__Hstack                             stack        00000
__Hstrings                           strings      00000
__Hstringtext                        stringtext   00000
__Htext                              text         00000
__Labs1                              abs1         00000
__Lbank0                             bank0        00000
__Lbank1                             bank1        00000
__Lbank10                            bank10       00000
__Lbank11                            bank11       00000
__Lbank12                            bank12       00000
__Lbank13                            bank13       00000
__Lbank14                            bank14       00000
__Lbank15                            bank15       00000
__Lbank16                            bank16       00000
__Lbank17                            bank17       00000
__Lbank18                            bank18       00000
__Lbank19                            bank19       00000
__Lbank2                             bank2        00000
__Lbank20                            bank20       00000
__Lbank21                            bank21       00000
__Lbank22                            bank22       00000
__Lbank23                            bank23       00000
__Lbank24                            bank24       00000
__Lbank25                            bank25       00000
__Lbank26                            bank26       00000
__Lbank27                            bank27       00000
__Lbank28                            bank28       00000
__Lbank29                            bank29       00000
__Lbank3                             bank3        00000
__Lbank30                            bank30       00000
__Lbank31                            bank31       00000
__Lbank4                             bank4        00000
__Lbank5                             bank5        00000
__Lbank6                             bank6        00000
__Lbank7                             bank7        00000
__Lbank8                             bank8        00000
__Lbank9                             bank9        00000
__Lbigram                            bigram       00000
__LbssBANK0                          bssBANK0     00000
__Lcinit                             cinit        00015
__Lclrtext                           clrtext      00000
__Lcode                              code         00000
__Lcommon                            common       00000
__Lconfig                            config       08007
__LcstackBANK0                       cstackBANK0  00000
__LcstackBANK1                       cstackBANK1  00000
__LcstackCOMMON                      cstackCOMMON 00000
__Leeprom_data                       eeprom_data  00000
__Lend_init                          end_init     00013
__Lfunctab                           functab      00000
__Lidloc                             idloc        00000
__Linit                              init         00013
__Lintentry                          intentry     00004
__Lmaintext                          maintext     00000
__Lpowerup                           powerup      00000
__Lram                               ram          00000
__Lreset_vec                         reset_vec    00000
__Lsfr0                              sfr0         00000
__Lsfr1                              sfr1         00000
__Lsfr10                             sfr10        00000
__Lsfr11                             sfr11        00000
__Lsfr12                             sfr12        00000
__Lsfr13                             sfr13        00000
__Lsfr14                             sfr14        00000
__Lsfr15                             sfr15        00000
__Lsfr16                             sfr16        00000
__Lsfr17                             sfr17        00000
__Lsfr18                             sfr18        00000
__Lsfr19                             sfr19        00000
__Lsfr2                              sfr2         00000
__Lsfr20                             sfr20        00000
__Lsfr21                             sfr21        00000
__Lsfr22                             sfr22        00000
__Lsfr23                             sfr23        00000
__Lsfr24                             sfr24        00000
__Lsfr25                             sfr25        00000
__Lsfr26                             sfr26        00000
__Lsfr27                             sfr27        00000
__Lsfr28                             sfr28        00000
__Lsfr29                             sfr29        00000
__Lsfr3                              sfr3         00000
__Lsfr30                             sfr30        00000
__Lsfr31                             sfr31        00000
__Lsfr4                              sfr4         00000
__Lsfr5                              sfr5         00000
__Lsfr6                              sfr6         00000
__Lsfr7                              sfr7         00000
__Lsfr8                              sfr8         00000
__Lsfr9                              sfr9         00000
__Lspace_0                           (abs)        00000
__Lspace_1                           (abs)        00000
__Lspace_2                           (abs)        00000
__Lspace_3                           (abs)        00000
__Lstack                             stack        00000
__Lstrings                           strings      00000
__Lstringtext                        stringtext   00000
__Ltext                              text         00000
__S0                                 (abs)        0800A
__S1                                 (abs)        000AF
__S2                                 (abs)        00000
___bmul                              text6        00394
___bmul@multiplicand                 cstackBANK0  00060
___bmul@multiplier                   cstackBANK1  000A2
___bmul@product                      cstackBANK1  000A1
___int_sp                            stack        00000
___latbits                           (abs)        00002
___sp                                stack        00000
___wmul                              text5        00327
___wmul@multiplicand                 cstackBANK1  000A2
___wmul@multiplier                   cstackBANK1  000A0
___wmul@product                      cstackBANK1  000A4
__end_ofBlinky_ctor@me               stringtext   002F3
__end_ofQActive_ctor@vtbl            stringtext   00304
__end_ofQHsm_ctor@vtbl               stringtext   0031B
__end_ofQMActive_ctor@vtbl           stringtext   0030C
__end_ofQMsm_ctor@vtbl               stringtext   0031F
__end_of_Blinky_ctor                 text11       003DE
__end_of_INTERRUPT_InterruptManager  intentry     00013
__end_of_OSCILLATOR_Initialize       text3        00410
__end_of_PIN_MANAGER_Initialize      text2        0035E
__end_of_QActive_ctor                text12       003C0
__end_of_QActive_postXISR_           text18       0024A
__end_of_QF_active                   stringtext   00312
__end_of_QF_invPow2Lkup              stringtext   002E3
__end_of_QF_log2Lkup                 stringtext   002DA
__end_of_QF_onStartup                text9        0041A
__end_of_QF_run                      text4        00176
__end_of_QF_tickXISR                 text17       002CA
__end_of_QHsm_ctor                   text13       00379
__end_of_QP_versionStr               stringtext   002F2
__end_of_QV_onIdle                   text8        00417
__end_of_Q_onAssert                  text7        0041B
__end_of_Q_this_module_              stringtext   00317
__end_of_SYSTEM_Initialize           text1        003FE
__end_of_TMR0_CallBack               text16       00414
__end_of_TMR0_ISR                    text15       00405
__end_of_TMR0_Initialize             text10       003F5
__end_of___bmul                      text6        003AA
__end_of___wmul                      text5        00343
__end_of__initialization             cinit        0001C
__end_of_l_pow2Lkup                  stringtext   002EC
__end_of_main                        maintext     003EA
__end_ofi1_Q_onAssert                text21       0041C
__end_ofi1___bmul                    text20       003D1
__end_ofi1___wmul                    text19       00394
__end_ofqfn@Q_this_module_           stringtext   00323
__end_ofqfn_init@Q_this_module_      stringtext   002FC
__end_ofqvn@Q_this_module_           stringtext   00327
__initialization                     cinit        00015
__pbssBANK0                          bssBANK0     00020
__pcstackBANK0                       cstackBANK0  00051
__pcstackBANK1                       cstackBANK1  000A0
__pcstackCOMMON                      cstackCOMMON 00070
__pintentry                          intentry     00004
__pmaintext                          maintext     003DE
__pstringtext                        stringtext   002CA
__ptext1                             text1        003F5
__ptext10                            text10       003EA
__ptext11                            text11       003D1
__ptext12                            text12       003AA
__ptext13                            text13       0035E
__ptext15                            text15       003FE
__ptext16                            text16       00410
__ptext17                            text17       0024A
__ptext18                            text18       00176
__ptext19                            text19       00379
__ptext2                             text2        00343
__ptext20                            text20       003C0
__ptext21                            text21       0041B
__ptext3                             text3        0040B
__ptext4                             text4        00020
__ptext5                             text5        00327
__ptext6                             text6        00394
__ptext7                             text7        0041A
__ptext8                             text8        00414
__ptext9                             text9        00417
__size_of_Blinky_ctor                (abs)        00000
__size_of_INTERRUPT_InterruptManager (abs)        00000
__size_of_OSCILLATOR_Initialize      (abs)        00000
__size_of_PIN_MANAGER_Initialize     (abs)        00000
__size_of_QActive_ctor               (abs)        00000
__size_of_QActive_postXISR_          (abs)        00000
__size_of_QF_onStartup               (abs)        00000
__size_of_QF_run                     (abs)        00000
__size_of_QF_tickXISR                (abs)        00000
__size_of_QHsm_ctor                  (abs)        00000
__size_of_QV_onIdle                  (abs)        00000
__size_of_Q_onAssert                 (abs)        00000
__size_of_SYSTEM_Initialize          (abs)        00000
__size_of_TMR0_CallBack              (abs)        00000
__size_of_TMR0_ISR                   (abs)        00000
__size_of_TMR0_Initialize            (abs)        00000
__size_of___bmul                     (abs)        00000
__size_of___wmul                     (abs)        00000
__size_of_main                       (abs)        00000
__size_ofi1_Q_onAssert               (abs)        00000
__size_ofi1___bmul                   (abs)        00000
__size_ofi1___wmul                   (abs)        00000
_l_blinkyQSto                        bssBANK0     00022
_l_pow2Lkup                          stringtext   002E3
_main                                maintext     003DE
_timer0ReloadVal                     bssBANK0     00021
btemp                                (abs)        0007E
clear_ram0                           clrtext      00405
end_of_initialization                cinit        0001C
i1Q_onAssert@file                    cstackCOMMON 00070
i1Q_onAssert@line                    cstackCOMMON 00072
i1_Q_onAssert                        text21       0041B
i1___bmul                            text20       003C0
i1___bmul@multiplicand               cstackCOMMON 00070
i1___bmul@multiplier                 cstackCOMMON 00072
i1___bmul@product                    cstackCOMMON 00073
i1___wmul                            text19       00379
i1___wmul@multiplicand               cstackCOMMON 00072
i1___wmul@multiplier                 cstackCOMMON 00070
i1___wmul@product                    cstackCOMMON 00074
int$flags                            (abs)        0007E
intlevel0                            functab      00000
intlevel1                            functab      00000
intlevel2                            functab      00000
intlevel3                            functab      00000
intlevel4                            functab      00000
intlevel5                            functab      00000
ltemp                                (abs)        0007E
ltemp0                               (abs)        0007E
ltemp1                               (abs)        00082
ltemp2                               (abs)        00086
ltemp3                               (abs)        00080
qfn@Q_this_module_                   stringtext   0031F
qfn_init@Q_this_module_              stringtext   002F3
qvn@Q_this_module_                   stringtext   00323
reset_vec                            reset_vec    00000
stackhi                              (abs)        023EF
stacklo                              (abs)        0205F
start                                init         00013
start_initialization                 cinit        00015
ttemp                                (abs)        0007E
ttemp0                               (abs)        0007E
ttemp1                               (abs)        00081
ttemp2                               (abs)        00084
ttemp3                               (abs)        00087
ttemp4                               (abs)        0007F
wtemp                                (abs)        0007E
wtemp0                               (abs)        0007E
wtemp1                               (abs)        00080
wtemp2                               (abs)        00082
wtemp3                               (abs)        00084
wtemp4                               (abs)        00086
wtemp5                               (abs)        00088
wtemp6                               (abs)        0007F


FUNCTION INFORMATION:

 *************** function _main *****************
 Defined at:
		line 63 in file "main.c"
 Parameters:    Size  Location     Type
		None
 Auto vars:     Size  Location     Type
		None
 Return value:  Size  Location     Type
                  1    wreg      void 
 Registers used:
		wreg, fsr0l, fsr0h, fsr1l, fsr1h, status,2, status,0, pclath, cstack
 Tracked objects:
		On entry : 
		On exit  : 
		Unchanged: 
 Data sizes:     COMMON   BANK0   BANK1   BANK2   BANK3   BANK4   BANK5   BANK6   BANK7   BANK8   BANK9  BANK10  BANK11  BANK12
      Params:         0       0       0       0       0       0       0       0       0       0       0       0       0       0
      Locals:         0       0       0       0       0       0       0       0       0       0       0       0       0       0
      Temps:          0       0       0       0       0       0       0       0       0       0       0       0       0       0
      Totals:         0       0       0       0       0       0       0       0       0       0       0       0       0       0
Total ram usage:        0 bytes
 Hardware stack levels required when called:    9
 This function calls:
		_Blinky_ctor
		_QF_run
		_SYSTEM_Initialize
 This function is called by:
		Startup code after reset
 This function uses a non-reentrant model


 *************** function _SYSTEM_Initialize *****************
 Defined at:
		line 76 in file "mcc_generated_files/mcc.c"
 Parameters:    Size  Location     Type
		None
 Auto vars:     Size  Location     Type
		None
 Return value:  Size  Location     Type
                  1    wreg      void 
 Registers used:
		wreg, status,2, status,0, pclath, cstack
 Tracked objects:
		On entry : 
		On exit  : 
		Unchanged: 
 Data sizes:     COMMON   BANK0   BANK1   BANK2   BANK3   BANK4   BANK5   BANK6   BANK7   BANK8   BANK9  BANK10  BANK11  BANK12
      Params:         0       0       0       0       0       0       0       0       0       0       0       0       0       0
      Locals:         0       0       0       0       0       0       0       0       0       0       0       0       0       0
      Temps:          0       0       0       0       0       0       0       0       0       0       0       0       0       0
      Totals:         0       0       0       0       0       0       0       0       0       0       0       0       0       0
Total ram usage:        0 bytes
 Hardware stack levels used:    1
 Hardware stack levels required when called:    7
 This function calls:
		_OSCILLATOR_Initialize
		_PIN_MANAGER_Initialize
		_TMR0_Initialize
 This function is called by:
		_main
 This function uses a non-reentrant model


 *************** function _PIN_MANAGER_Initialize *****************
 Defined at:
		line 49 in file "mcc_generated_files/pin_manager.c"
 Parameters:    Size  Location     Type
		None
 Auto vars:     Size  Location     Type
		None
 Return value:  Size  Location     Type
                  1    wreg      void 
 Registers used:
		wreg, status,2
 Tracked objects:
		On entry : 
		On exit  : 
		Unchanged: 
 Data sizes:     COMMON   BANK0   BANK1   BANK2   BANK3   BANK4   BANK5   BANK6   BANK7   BANK8   BANK9  BANK10  BANK11  BANK12
      Params:         0       0       0       0       0       0       0       0       0       0       0       0       0       0
      Locals:         0       0       0       0       0       0       0       0       0       0       0       0       0       0
      Temps:          0       0       0       0       0       0       0       0       0       0       0       0       0       0
      Totals:         0       0       0       0       0       0       0       0       0       0       0       0       0       0
Total ram usage:        0 bytes
 Hardware stack levels used:    1
 Hardware stack levels required when called:    6
 This function calls:
		Nothing
 This function is called by:
		_SYSTEM_Initialize
 This function uses a non-reentrant model


 *************** function _OSCILLATOR_Initialize *****************
 Defined at:
		line 84 in file "mcc_generated_files/mcc.c"
 Parameters:    Size  Location     Type
		None
 Auto vars:     Size  Location     Type
		None
 Return value:  Size  Location     Type
                  1    wreg      void 
 Registers used:
		wreg, status,2
 Tracked objects:
		On entry : 
		On exit  : 
		Unchanged: 
 Data sizes:     COMMON   BANK0   BANK1   BANK2   BANK3   BANK4   BANK5   BANK6   BANK7   BANK8   BANK9  BANK10  BANK11  BANK12
      Params:         0       0       0       0       0       0       0       0       0       0       0       0       0       0
      Locals:         0       0       0       0       0       0       0       0       0       0       0       0       0       0
      Temps:          0       0       0       0       0       0       0       0       0       0       0       0       0       0
      Totals:         0       0       0       0       0       0       0       0       0       0       0       0       0       0
Total ram usage:        0 bytes
 Hardware stack levels used:    1
 Hardware stack levels required when called:    6
 This function calls:
		Nothing
 This function is called by:
		_SYSTEM_Initialize
 This function uses a non-reentrant model


 *************** function _QF_run *****************
 Defined at:
		line 63 in file "qpn/source/qvn.c"
 Parameters:    Size  Location     Type
		None
 Auto vars:     Size  Location     Type
  acb             2   11[BANK1 ] PTR const struct .
		 -> QF_active(6), 
  a               1   14[BANK1 ] PTR volatile struct .
		 -> AO_Blinky(17), NULL(0), 
  p               1   13[BANK1 ] unsigned char 
 Return value:  Size  Location     Type
                  2   69[None  ] int 
 Registers used:
		wreg, fsr0l, fsr0h, fsr1l, fsr1h, status,2, status,0, pclath, cstack
 Tracked objects:
		On entry : 
		On exit  : 
		Unchanged: 
 Data sizes:     COMMON   BANK0   BANK1   BANK2   BANK3   BANK4   BANK5   BANK6   BANK7   BANK8   BANK9  BANK10  BANK11  BANK12
      Params:         0       0       0       0       0       0       0       0       0       0       0       0       0       0
      Locals:         0       0       4       0       0       0       0       0       0       0       0       0       0       0
      Temps:          0       0       5       0       0       0       0       0       0       0       0       0       0       0
      Totals:         0       0       9       0       0       0       0       0       0       0       0       0       0       0
Total ram usage:        9 bytes
 Hardware stack levels used:    1
 Hardware stack levels required when called:    8
 This function calls:
		_QF_onStartup
		_QV_onIdle
		_Q_onAssert
		___bmul
		___wmul
 This function is called by:
		_main
 This function uses a non-reentrant model


 *************** function ___wmul *****************
 Defined at:
		line 15 in file "D:\ProgramFiles\Microchip\xc8\v1.38\sources\common\Umul16.c"
 Parameters:    Size  Location     Type
  multiplier      2    0[BANK1 ] unsigned int 
  multiplicand    2    2[BANK1 ] unsigned int 
 Auto vars:     Size  Location     Type
  product         2    4[BANK1 ] unsigned int 
 Return value:  Size  Location     Type
                  2    0[BANK1 ] unsigned int 
 Registers used:
		wreg, status,2, status,0
 Tracked objects:
		On entry : 
		On exit  : 
		Unchanged: 
 Data sizes:     COMMON   BANK0   BANK1   BANK2   BANK3   BANK4   BANK5   BANK6   BANK7   BANK8   BANK9  BANK10  BANK11  BANK12
      Params:         0       0       4       0       0       0       0       0       0       0       0       0       0       0
      Locals:         0       0       2       0       0       0       0       0       0       0       0       0       0       0
      Temps:          0       0       0       0       0       0       0       0       0       0       0       0       0       0
      Totals:         0       0       6       0       0       0       0       0       0       0       0       0       0       0
Total ram usage:        6 bytes
 Hardware stack levels used:    1
 Hardware stack levels required when called:    6
 This function calls:
		Nothing
 This function is called by:
		_QF_run
		_QActive_postX_
		_QF_init
 This function uses a non-reentrant model


 *************** function ___bmul *****************
 Defined at:
		line 4 in file "D:\ProgramFiles\Microchip\xc8\v1.38\sources\common\Umul8.c"
 Parameters:    Size  Location     Type
  multiplier      1    wreg     unsigned char 
  multiplicand    1   15[BANK0 ] unsigned char 
 Auto vars:     Size  Location     Type
  multiplier      1    2[BANK1 ] unsigned char 
  product         1    1[BANK1 ] unsigned char 
 Return value:  Size  Location     Type
                  1    wreg      unsigned char 
 Registers used:
		wreg, status,2, status,0
 Tracked objects:
		On entry : 
		On exit  : 
		Unchanged: 
 Data sizes:     COMMON   BANK0   BANK1   BANK2   BANK3   BANK4   BANK5   BANK6   BANK7   BANK8   BANK9  BANK10  BANK11  BANK12
      Params:         0       1       0       0       0       0       0       0       0       0       0       0       0       0
      Locals:         0       0       2       0       0       0       0       0       0       0       0       0       0       0
      Temps:          0       0       1       0       0       0       0       0       0       0       0       0       0       0
      Totals:         0       1       3       0       0       0       0       0       0       0       0       0       0       0
Total ram usage:        4 bytes
 Hardware stack levels used:    1
 Hardware stack levels required when called:    6
 This function calls:
		Nothing
 This function is called by:
		_QActive_postXISR_
		_QF_run
		_QActive_postX_
 This function uses a non-reentrant model


 *************** function _Q_onAssert *****************
 Defined at:
		line 54 in file "main.c"
 Parameters:    Size  Location     Type
  file            2    0[BANK1 ] const PTR const unsigned
		 -> qvn@Q_this_module_(4), qfn_init@Q_this_module_(9), qfn@Q_this_module_(4), Q_this_module_(5), 
  line            2    2[BANK1 ] int 
 Auto vars:     Size  Location     Type
		None
 Return value:  Size  Location     Type
                  1    wreg      void 
 Registers used:
		None
 Tracked objects:
		On entry : 
		On exit  : 
		Unchanged: 
 Data sizes:     COMMON   BANK0   BANK1   BANK2   BANK3   BANK4   BANK5   BANK6   BANK7   BANK8   BANK9  BANK10  BANK11  BANK12
      Params:         0       0       4       0       0       0       0       0       0       0       0       0       0       0
      Locals:         0       0       0       0       0       0       0       0       0       0       0       0       0       0
      Temps:          0       0       0       0       0       0       0       0       0       0       0       0       0       0
      Totals:         0       0       4       0       0       0       0       0       0       0       0       0       0       0
Total ram usage:        4 bytes
 Hardware stack levels used:    1
 Hardware stack levels required when called:    6
 This function calls:
		Nothing
 This function is called by:
		_QF_run
		_QMsm_init_
		_QMsm_dispatch_
		_QMsm_execTatbl_
		_QMsm_exitToTranSource_
		_QMsm_enterHistory_
		_QMsm_childStateObj
		_QHsm_init_
		_QHsm_dispatch_
		_QHsm_tran_
		_QHsm_childState
		_QActive_postX_
		_QF_init
 This function uses a non-reentrant model


 *************** function _QV_onIdle *****************
 Defined at:
		line 48 in file "main.c"
 Parameters:    Size  Location     Type
		None
 Auto vars:     Size  Location     Type
		None
 Return value:  Size  Location     Type
                  1    wreg      void 
 Registers used:
		None
 Tracked objects:
		On entry : 
		On exit  : 
		Unchanged: 
 Data sizes:     COMMON   BANK0   BANK1   BANK2   BANK3   BANK4   BANK5   BANK6   BANK7   BANK8   BANK9  BANK10  BANK11  BANK12
      Params:         0       0       0       0       0       0       0       0       0       0       0       0       0       0
      Locals:         0       0       0       0       0       0       0       0       0       0       0       0       0       0
      Temps:          0       0       0       0       0       0       0       0       0       0       0       0       0       0
      Totals:         0       0       0       0       0       0       0       0       0       0       0       0       0       0
Total ram usage:        0 bytes
 Hardware stack levels used:    1
 Hardware stack levels required when called:    6
 This function calls:
		Nothing
 This function is called by:
		_QF_run
 This function uses a non-reentrant model


 *************** function _QF_onStartup *****************
 Defined at:
		line 43 in file "main.c"
 Parameters:    Size  Location     Type
		None
 Auto vars:     Size  Location     Type
		None
 Return value:  Size  Location     Type
                  1    wreg      void 
 Registers used:
		wreg, status,2, status,0, pclath, cstack
 Tracked objects:
		On entry : 
		On exit  : 
		Unchanged: 
 Data sizes:     COMMON   BANK0   BANK1   BANK2   BANK3   BANK4   BANK5   BANK6   BANK7   BANK8   BANK9  BANK10  BANK11  BANK12
      Params:         0       0       0       0       0       0       0       0       0       0       0       0       0       0
      Locals:         0       0       0       0       0       0       0       0       0       0       0       0       0       0
      Temps:          0       0       0       0       0       0       0       0       0       0       0       0       0       0
      Totals:         0       0       0       0       0       0       0       0       0       0       0       0       0       0
Total ram usage:        0 bytes
 Hardware stack levels used:    1
 Hardware stack levels required when called:    7
 This function calls:
		_TMR0_Initialize
 This function is called by:
		_QF_run
 This function uses a non-reentrant model


 *************** function _TMR0_Initialize *****************
 Defined at:
		line 64 in file "mcc_generated_files/tmr0.c"
 Parameters:    Size  Location     Type
		None
 Auto vars:     Size  Location     Type
		None
 Return value:  Size  Location     Type
                  1    wreg      void 
 Registers used:
		wreg, status,2
 Tracked objects:
		On entry : 
		On exit  : 
		Unchanged: 
 Data sizes:     COMMON   BANK0   BANK1   BANK2   BANK3   BANK4   BANK5   BANK6   BANK7   BANK8   BANK9  BANK10  BANK11  BANK12
      Params:         0       0       0       0       0       0       0       0       0       0       0       0       0       0
      Locals:         0       0       0       0       0       0       0       0       0       0       0       0       0       0
      Temps:          0       0       0       0       0       0       0       0       0       0       0       0       0       0
      Totals:         0       0       0       0       0       0       0       0       0       0       0       0       0       0
Total ram usage:        0 bytes
 Hardware stack levels used:    1
 Hardware stack levels required when called:    6
 This function calls:
		Nothing
 This function is called by:
		_SYSTEM_Initialize
		_QF_onStartup
 This function uses a non-reentrant model


 *************** function _Blinky_ctor *****************
 Defined at:
		line 53 in file "blinky.c"
 Parameters:    Size  Location     Type
		None
 Auto vars:     Size  Location     Type
		None
 Return value:  Size  Location     Type
                  1    wreg      void 
 Registers used:
		wreg, fsr0l, fsr0h, fsr1l, fsr1h, status,2, status,0, pclath, cstack
 Tracked objects:
		On entry : 
		On exit  : 
		Unchanged: 
 Data sizes:     COMMON   BANK0   BANK1   BANK2   BANK3   BANK4   BANK5   BANK6   BANK7   BANK8   BANK9  BANK10  BANK11  BANK12
      Params:         0       0       0       0       0       0       0       0       0       0       0       0       0       0
      Locals:         0       0       0       0       0       0       0       0       0       0       0       0       0       0
      Temps:          0       0       0       0       0       0       0       0       0       0       0       0       0       0
      Totals:         0       0       0       0       0       0       0       0       0       0       0       0       0       0
Total ram usage:        0 bytes
 Hardware stack levels used:    1
 Hardware stack levels required when called:    8
 This function calls:
		_QActive_ctor
 This function is called by:
		_main
 This function uses a non-reentrant model


 *************** function _QActive_ctor *****************
 Defined at:
		line 139 in file "qpn/source/qfn.c"
 Parameters:    Size  Location     Type
  me              1    wreg     const PTR volatile struc
		 -> AO_Blinky(17), 
  initial         2    2[BANK1 ] PTR FTN(const PTR void ,
		 -> Blinky_initial(1), 
 Auto vars:     Size  Location     Type
  me              1    6[BANK1 ] const PTR volatile struc
		 -> AO_Blinky(17), 
 Return value:  Size  Location     Type
                  1    wreg      void 
 Registers used:
		wreg, fsr1l, fsr1h, status,2, status,0, pclath, cstack
 Tracked objects:
		On entry : 
		On exit  : 
		Unchanged: 
 Data sizes:     COMMON   BANK0   BANK1   BANK2   BANK3   BANK4   BANK5   BANK6   BANK7   BANK8   BANK9  BANK10  BANK11  BANK12
      Params:         0       0       2       0       0       0       0       0       0       0       0       0       0       0
      Locals:         0       0       1       0       0       0       0       0       0       0       0       0       0       0
      Temps:          0       0       2       0       0       0       0       0       0       0       0       0       0       0
      Totals:         0       0       5       0       0       0       0       0       0       0       0       0       0       0
Total ram usage:        5 bytes
 Hardware stack levels used:    1
 Hardware stack levels required when called:    7
 This function calls:
		_QHsm_ctor
 This function is called by:
		_Blinky_ctor
 This function uses a non-reentrant model


 *************** function _QHsm_ctor *****************
 Defined at:
		line 402 in file "qpn/source/qepn.c"
 Parameters:    Size  Location     Type
  me              1    wreg     const PTR struct .
		 -> AO_Blinky.super(9), AO_Blinky(17), 
  initial         2    0[BANK1 ] PTR FTN(const PTR void ,
		 -> Blinky_initial(1), 
 Auto vars:     Size  Location     Type
  me              1   15[BANK0 ] const PTR struct .
		 -> AO_Blinky.super(9), AO_Blinky(17), 
 Return value:  Size  Location     Type
                  1    wreg      void 
 Registers used:
		wreg, fsr1l, fsr1h, status,2, status,0
 Tracked objects:
		On entry : 
		On exit  : 
		Unchanged: 
 Data sizes:     COMMON   BANK0   BANK1   BANK2   BANK3   BANK4   BANK5   BANK6   BANK7   BANK8   BANK9  BANK10  BANK11  BANK12
      Params:         0       0       2       0       0       0       0       0       0       0       0       0       0       0
      Locals:         0       1       0       0       0       0       0       0       0       0       0       0       0       0
      Temps:          0       0       0       0       0       0       0       0       0       0       0       0       0       0
      Totals:         0       1       2       0       0       0       0       0       0       0       0       0       0       0
Total ram usage:        3 bytes
 Hardware stack levels used:    1
 Hardware stack levels required when called:    6
 This function calls:
		Nothing
 This function is called by:
		_QActive_ctor
 This function uses a non-reentrant model


 *************** function _INTERRUPT_InterruptManager *****************
 Defined at:
		line 51 in file "mcc_generated_files/interrupt_manager.c"
 Parameters:    Size  Location     Type
		None
 Auto vars:     Size  Location     Type
		None
 Return value:  Size  Location     Type
                  1    wreg      void 
 Registers used:
		wreg, fsr0l, fsr0h, fsr1l, fsr1h, status,2, status,0, pclath, cstack
 Tracked objects:
		On entry : 
		On exit  : 
		Unchanged: 
 Data sizes:     COMMON   BANK0   BANK1   BANK2   BANK3   BANK4   BANK5   BANK6   BANK7   BANK8   BANK9  BANK10  BANK11  BANK12
      Params:         0       0       0       0       0       0       0       0       0       0       0       0       0       0
      Locals:         0       0       0       0       0       0       0       0       0       0       0       0       0       0
      Temps:          1       0       0       0       0       0       0       0       0       0       0       0       0       0
      Totals:         1       0       0       0       0       0       0       0       0       0       0       0       0       0
Total ram usage:        1 bytes
 Hardware stack levels used:    1
 Hardware stack levels required when called:    5
 This function calls:
		_TMR0_ISR
 This function is called by:
		Interrupt level 1
 This function uses a non-reentrant model


 *************** function _TMR0_ISR *****************
 Defined at:
		line 106 in file "mcc_generated_files/tmr0.c"
 Parameters:    Size  Location     Type
		None
 Auto vars:     Size  Location     Type
		None
 Return value:  Size  Location     Type
                  1    wreg      void 
 Registers used:
		wreg, fsr0l, fsr0h, fsr1l, fsr1h, status,2, status,0, pclath, cstack
 Tracked objects:
		On entry : 
		On exit  : 
		Unchanged: 
 Data sizes:     COMMON   BANK0   BANK1   BANK2   BANK3   BANK4   BANK5   BANK6   BANK7   BANK8   BANK9  BANK10  BANK11  BANK12
      Params:         0       0       0       0       0       0       0       0       0       0       0       0       0       0
      Locals:         0       0       0       0       0       0       0       0       0       0       0       0       0       0
      Temps:          0       0       0       0       0       0       0       0       0       0       0       0       0       0
      Totals:         0       0       0       0       0       0       0       0       0       0       0       0       0       0
Total ram usage:        0 bytes
 Hardware stack levels used:    1
 Hardware stack levels required when called:    4
 This function calls:
		_TMR0_CallBack
 This function is called by:
		_INTERRUPT_InterruptManager
 This function uses a non-reentrant model


 *************** function _TMR0_CallBack *****************
 Defined at:
		line 121 in file "mcc_generated_files/tmr0.c"
 Parameters:    Size  Location     Type
		None
 Auto vars:     Size  Location     Type
		None
 Return value:  Size  Location     Type
                  1    wreg      void 
 Registers used:
		wreg, fsr0l, fsr0h, fsr1l, fsr1h, status,2, status,0, pclath, cstack
 Tracked objects:
		On entry : 
		On exit  : 
		Unchanged: 
 Data sizes:     COMMON   BANK0   BANK1   BANK2   BANK3   BANK4   BANK5   BANK6   BANK7   BANK8   BANK9  BANK10  BANK11  BANK12
      Params:         0       0       0       0       0       0       0       0       0       0       0       0       0       0
      Locals:         0       0       0       0       0       0       0       0       0       0       0       0       0       0
      Temps:          0       0       0       0       0       0       0       0       0       0       0       0       0       0
      Totals:         0       0       0       0       0       0       0       0       0       0       0       0       0       0
Total ram usage:        0 bytes
 Hardware stack levels used:    1
 Hardware stack levels required when called:    3
 This function calls:
		_QF_tickXISR
 This function is called by:
		_TMR0_ISR
 This function uses a non-reentrant model


 *************** function _QF_tickXISR *****************
 Defined at:
		line 356 in file "qpn/source/qfn.c"
 Parameters:    Size  Location     Type
  tickRate        1    wreg     const unsigned char 
 Auto vars:     Size  Location     Type
  tickRate        1   11[BANK0 ] const unsigned char 
  t               1   14[BANK0 ] PTR struct .
		 -> AO_Blinky.tickCtr(4), AO_Blinky(17), NULL(0), 
  a               1   13[BANK0 ] PTR volatile struct .
		 -> AO_Blinky(17), NULL(0), 
  p               1   12[BANK0 ] unsigned char 
 Return value:  Size  Location     Type
                  1    wreg      void 
 Registers used:
		wreg, fsr0l, fsr0h, fsr1l, fsr1h, status,2, status,0, pclath, cstack
 Tracked objects:
		On entry : 
		On exit  : 
		Unchanged: 
 Data sizes:     COMMON   BANK0   BANK1   BANK2   BANK3   BANK4   BANK5   BANK6   BANK7   BANK8   BANK9  BANK10  BANK11  BANK12
      Params:         0       0       0       0       0       0       0       0       0       0       0       0       0       0
      Locals:         0       4       0       0       0       0       0       0       0       0       0       0       0       0
      Temps:          0       3       0       0       0       0       0       0       0       0       0       0       0       0
      Totals:         0       7       0       0       0       0       0       0       0       0       0       0       0       0
Total ram usage:        7 bytes
 Hardware stack levels used:    1
 Hardware stack levels required when called:    2
 This function calls:
		_QActive_postXISR_
		i1___wmul
 This function is called by:
		_TMR0_CallBack
 This function uses a non-reentrant model


 *************** function _QActive_postXISR_ *****************
 Defined at:
		line 271 in file "qpn/source/qfn.c"
 Parameters:    Size  Location     Type
  me              1    6[COMMON] const PTR volatile struc
		 -> AO_Blinky(17), NULL(0), 
  margin          1    7[COMMON] unsigned char 
  sig             2    8[COMMON] const int 
  par             2   10[COMMON] const unsigned int 
 Auto vars:     Size  Location     Type
  acb             2    6[BANK0 ] PTR const struct .
		 -> QF_active(6), 
  qlen            1    5[BANK0 ] unsigned char 
 Return value:  Size  Location     Type
                  1    wreg      unsigned char 
 Registers used:
		wreg, fsr0l, fsr0h, fsr1l, fsr1h, status,2, status,0, pclath, cstack
 Tracked objects:
		On entry : 
		On exit  : 
		Unchanged: 
 Data sizes:     COMMON   BANK0   BANK1   BANK2   BANK3   BANK4   BANK5   BANK6   BANK7   BANK8   BANK9  BANK10  BANK11  BANK12
      Params:         6       0       0       0       0       0       0       0       0       0       0       0       0       0
      Locals:         0       3       0       0       0       0       0       0       0       0       0       0       0       0
      Temps:          0       5       0       0       0       0       0       0       0       0       0       0       0       0
      Totals:         6       8       0       0       0       0       0       0       0       0       0       0       0       0
Total ram usage:       14 bytes
 Hardware stack levels used:    1
 Hardware stack levels required when called:    1
 This function calls:
		i1_Q_onAssert
		i1___bmul
		i1___wmul
 This function is called by:
		_QF_tickXISR
 This function uses a non-reentrant model


 *************** function i1___wmul *****************
 Defined at:
		line 15 in file "D:\ProgramFiles\Microchip\xc8\v1.38\sources\common\Umul16.c"
 Parameters:    Size  Location     Type
  multiplier      2    0[COMMON] unsigned int 
  multiplicand    2    2[COMMON] unsigned int 
 Auto vars:     Size  Location     Type
  __wmul          2    4[COMMON] unsigned int 
 Return value:  Size  Location     Type
                  2    0[COMMON] unsigned int 
 Registers used:
		wreg, status,2, status,0
 Tracked objects:
		On entry : 
		On exit  : 
		Unchanged: 
 Data sizes:     COMMON   BANK0   BANK1   BANK2   BANK3   BANK4   BANK5   BANK6   BANK7   BANK8   BANK9  BANK10  BANK11  BANK12
      Params:         4       0       0       0       0       0       0       0       0       0       0       0       0       0
      Locals:         2       0       0       0       0       0       0       0       0       0       0       0       0       0
      Temps:          0       0       0       0       0       0       0       0       0       0       0       0       0       0
      Totals:         6       0       0       0       0       0       0       0       0       0       0       0       0       0
Total ram usage:        6 bytes
 Hardware stack levels used:    1
 This function calls:
		Nothing
 This function is called by:
		_QActive_postXISR_
		_QF_tickXISR
 This function uses a non-reentrant model


 *************** function i1___bmul *****************
 Defined at:
		line 4 in file "D:\ProgramFiles\Microchip\xc8\v1.38\sources\common\Umul8.c"
 Parameters:    Size  Location     Type
  multiplier      1    wreg     unsigned char 
  multiplicand    1    0[COMMON] unsigned char 
 Auto vars:     Size  Location     Type
  multiplier      1    2[COMMON] unsigned char 
  __bmul          1    3[COMMON] unsigned char 
 Return value:  Size  Location     Type
                  1    wreg      unsigned char 
 Registers used:
		wreg, status,2, status,0
 Tracked objects:
		On entry : 
		On exit  : 
		Unchanged: 
 Data sizes:     COMMON   BANK0   BANK1   BANK2   BANK3   BANK4   BANK5   BANK6   BANK7   BANK8   BANK9  BANK10  BANK11  BANK12
      Params:         1       0       0       0       0       0       0       0       0       0       0       0       0       0
      Locals:         2       0       0       0       0       0       0       0       0       0       0       0       0       0
      Temps:          1       0       0       0       0       0       0       0       0       0       0       0       0       0
      Totals:         4       0       0       0       0       0       0       0       0       0       0       0       0       0
Total ram usage:        4 bytes
 Hardware stack levels used:    1
 This function calls:
		Nothing
 This function is called by:
		_QActive_postXISR_
 This function uses a non-reentrant model


 *************** function i1_Q_onAssert *****************
 Defined at:
		line 54 in file "main.c"
 Parameters:    Size  Location     Type
  file            2    0[COMMON] const PTR const unsigned
		 -> qvn@Q_this_module_(4), qfn_init@Q_this_module_(9), qfn@Q_this_module_(4), Q_this_module_(5), 
  line            2    2[COMMON] int 
 Auto vars:     Size  Location     Type
		None
 Return value:  Size  Location     Type
                  1    wreg      void 
 Registers used:
		None
 Tracked objects:
		On entry : 
		On exit  : 
		Unchanged: 
 Data sizes:     COMMON   BANK0   BANK1   BANK2   BANK3   BANK4   BANK5   BANK6   BANK7   BANK8   BANK9  BANK10  BANK11  BANK12
      Params:         4       0       0       0       0       0       0       0       0       0       0       0       0       0
      Locals:         0       0       0       0       0       0       0       0       0       0       0       0       0       0
      Temps:          0       0       0       0       0       0       0       0       0       0       0       0       0       0
      Totals:         4       0       0       0       0       0       0       0       0       0       0       0       0       0
Total ram usage:        4 bytes
 Hardware stack levels used:    1
 This function calls:
		Nothing
 This function is called by:
		_QActive_postXISR_
 This function uses a non-reentrant model



MODULE INFORMATION

Module		Function		Class		Link	Load	Size
qpn/source/qvn.c
		_QF_run        		CODE           	0020	0000	343

qpn/source/qvn.c estimated size: 343

blinky.c
		_Blinky_ctor   		CODE           	03D1	0000	14

blinky.c estimated size: 14

mcc_generated_files/interrupt_manager.c
		_INTERRUPT_InterruptManager		CODE           	0004	0000	16

mcc_generated_files/interrupt_manager.c estimated size: 16

mcc_generated_files/tmr0.c
		_TMR0_CallBack 		CODE           	0410	0000	5
		_TMR0_ISR      		CODE           	03FE	0000	8
		_TMR0_Initialize		CODE           	03EA	0000	12

mcc_generated_files/tmr0.c estimated size: 25

qpn/source/qepn.c
		_QHsm_ctor     		CODE           	035E	0000	28

qpn/source/qepn.c estimated size: 28

mcc_generated_files/pin_manager.c
		_PIN_MANAGER_Initialize		CODE           	0343	0000	28

mcc_generated_files/pin_manager.c estimated size: 28

D:\ProgramFiles\Microchip\xc8\v1.38\sources\common\Umul16.c
		___wmul        		CODE           	0327	0000	29

D:\ProgramFiles\Microchip\xc8\v1.38\sources\common\Umul16.c estimated size: 29

qpn/source/qfn.c
		_QF_tickXISR   		CODE           	024A	0000	129
		_QActive_postXISR_		CODE           	0176	0000	213
		_QActive_ctor  		CODE           	03AA	0000	23

qpn/source/qfn.c estimated size: 365

shared
		_QF_active     		STRCODE        	030C	0000	7
		i1_Q_onAssert  		CODE           	041B	0000	2
		_Q_this_module_		STRCODE        	0312	0000	6
		qfn@Q_this_module_		STRCODE        	031F	0000	5
		QActive_ctor@vtbl		STRCODE        	02FC	0000	9
		_QF_invPow2Lkup		STRCODE        	02DA	0000	10
		i1___wmul      		CODE           	0379	0000	28
		qfn_init@Q_this_module_		STRCODE        	02F3	0000	10
		qvn@Q_this_module_		STRCODE        	0323	0000	5
		__initialization		CODE           	0015	0000	8
		QHsm_ctor@vtbl 		STRCODE        	0317	0000	5
		QMsm_ctor@vtbl 		STRCODE        	031B	0000	5
		_l_pow2Lkup    		STRCODE        	02E3	0000	10
		_QP_versionStr 		STRCODE        	0000	0000	0
		_QF_log2Lkup   		STRCODE        	02CA	0000	17
		i1___bmul      		CODE           	03C0	0000	18
		QMActive_ctor@vtbl		STRCODE        	0304	0000	9
		Blinky_ctor@me 		STRCODE        	02F2	0000	2

shared estimated size: 156

mcc_generated_files/mcc.c
		_OSCILLATOR_Initialize		CODE           	040B	0000	6
		_SYSTEM_Initialize		CODE           	03F5	0000	10

mcc_generated_files/mcc.c estimated size: 16

D:\ProgramFiles\Microchip\xc8\v1.38\sources\common\Umul8.c
		___bmul        		CODE           	0394	0000	23

D:\ProgramFiles\Microchip\xc8\v1.38\sources\common\Umul8.c estimated size: 23

main.c
		_Q_onAssert    		CODE           	041A	0000	2
		_QV_onIdle     		CODE           	0414	0000	4
		_main          		CODE           	03DE	0000	13
		_QF_onStartup  		CODE           	0417	0000	4

main.c estimated size: 23

